Ntozonke Cafe Client App
------------------------
Server: http://localhost:8089
PC ID: 1
PC Name: PC 1
Admin exit: Ctrl + Shift + Q

[22:31:59] ACTION CHANGED: LOCK
[22:31:59] Action: lock | Lock: True
[22:32:04] Action: lock | Lock: True
[22:32:09] Action: lock | Lock: True
Ntozonke Cafe Client App
------------------------
Server: http://localhost:8089
PC ID: 1
PC Name: PC 1
Admin exit: Ctrl + Shift + Q

[22:32:56] ACTION CHANGED: UNLOCK
[22:32:56] Action: unlock | Lock: False | Remaining: 55s | Amount: R20.00
[22:33:01] Action: unlock | Lock: False | Remaining: 50s | Amount: R20.00
[22:33:06] Action: unlock | Lock: False | Remaining: 45s | Amount: R20.00
[22:33:11] Action: unlock | Lock: False | Remaining: 40s | Amount: R20.00
[22:33:17] Action: unlock | Lock: False | Remaining: 34s | Amount: R20.00
[22:33:22] Action: unlock | Lock: False | Remaining: 29s | Amount: R20.00
[22:33:27] Action: unlock | Lock: False | Remaining: 24s | Amount: R20.00
[22:33:32] Action: unlock | Lock: False | Remaining: 19s | Amount: R20.00
[22:33:37] Action: unlock | Lock: False | Remaining: 14s | Amount: R20.00
[22:33:42] Action: unlock | Lock: False | Remaining: 9s | Amount: R20.00
[22:33:47] Action: unlock | Lock: False | Remaining: 4s | Amount: R20.00
[22:33:52] Action: unlock | Lock: False | Remaining: expired | Amount: R20.00
[22:33:57] ACTION CHANGED: LOCK
[22:33:57] Action: lock | Lock: True
[22:34:02] Action: lock | Lock: True
[22:34:07] Action: lock | Lock: True
[22:34:13] Action: lock | Lock: True
[22:34:18] Action: lock | Lock: True
[22:34:24] Action: lock | Lock: True
[22:34:29] Action: lock | Lock: True
[22:34:35] Action: lock | Lock: True
[22:34:40] Action: lock | Lock: True
[22:34:45] Action: lock | Lock: True
[22:34:50] Action: lock | Lock: True
[22:34:55] Action: lock | Lock: True
[22:35:00] Action: lock | Lock: True
[22:35:05] Action: lock | Lock: True
[22:35:10] Action: lock | Lock: True
[22:35:15] Action: lock | Lock: True
[22:35:20] Action: lock | Lock: True
[22:35:26] Action: lock | Lock: True
[22:35:31] Action: lock | Lock: True
[22:35:36] Action: lock | Lock: True
[22:35:41] Action: lock | Lock: True
[22:35:46] Action: lock | Lock: True
[22:35:51] Action: lock | Lock: True
[22:35:56] Action: lock | Lock: True
[22:36:01] Action: lock | Lock: True
[22:36:07] Action: lock | Lock: True
[22:36:13] Action: lock | Lock: True
[22:36:18] Action: lock | Lock: True
Ntozonke Cafe Client App
------------------------
Server: http://localhost:8089
PC ID: 1
PC Name: PC 1
Admin exit: Ctrl + Shift + Q

[22:44:43] ACTION CHANGED: LOCK
[22:44:43] Action: lock | Lock: True
[22:44:48] Action: lock | Lock: True
[22:44:53] Action: lock | Lock: True
Ntozonke Cafe Client App
------------------------
Server: http://localhost:8089
PC ID: 1
PC Name: PC 1
Admin exit: Ctrl + Shift + Q

[22:54:48] ACTION CHANGED: LOCK
[22:54:48] Action: lock | Lock: True
[22:54:54] Action: lock | Lock: True
[22:54:59] Action: lock | Lock: True
[22:55:04] Action: lock | Lock: True
Ntozonke Cafe Client App
------------------------
Server: http://localhost:8089
PC ID: 1
PC Name: PC 1
Admin exit: Ctrl + Shift + Q

[11:27:48] ACTION CHANGED: LOCK
[11:27:48] Action: lock | Lock: True
[11:27:54] Action: lock | Lock: True
[11:27:59] Action: lock | Lock: True
[11:28:04] Action: lock | Lock: True
[11:28:09] Action: lock | Lock: True
[11:28:14] Action: lock | Lock: True
[11:28:19] Action: lock | Lock: True
[11:28:24] Action: lock | Lock: True
[11:28:29] Action: lock | Lock: True
[11:28:34] Action: lock | Lock: True
[11:28:39] Action: lock | Lock: True
[11:28:44] Action: lock | Lock: True
[11:28:50] Action: lock | Lock: True
[11:28:55] Action: lock | Lock: True
[11:29:00] Action: lock | Lock: True
[11:29:05] Action: lock | Lock: True
[11:29:10] Action: lock | Lock: True
[11:29:15] Action: lock | Lock: True
[11:29:20] Action: lock | Lock: True
[11:29:25] Action: lock | Lock: True
[11:29:30] Action: lock | Lock: True
[11:29:35] Action: lock | Lock: True
[11:29:40] Action: lock | Lock: True
[11:29:46] Action: lock | Lock: True
[11:29:51] Action: lock | Lock: True
[11:29:56] Action: lock | Lock: True
[11:30:01] Action: lock | Lock: True
[11:30:06] Action: lock | Lock: True
[11:30:11] Action: lock | Lock: True
[11:30:16] Action: lock | Lock: True
[11:30:21] Action: lock | Lock: True
[11:30:26] Action: lock | Lock: True
[11:30:31] Action: lock | Lock: True
[11:30:36] Action: lock | Lock: True
[11:30:42] Action: lock | Lock: True
[11:30:47] Action: lock | Lock: True
[11:30:52] Action: lock | Lock: True
[11:30:57] Action: lock | Lock: True
[11:31:02] Action: lock | Lock: True
[11:31:07] Action: lock | Lock: True
Ntozonke Cafe Client App
------------------------
Server: http://localhost:8089
PC ID: 1
PC Name: PC 1
Admin exit: Ctrl + Shift + Q

[11:00:58] ACTION CHANGED: LOCK
[11:00:59] Action: lock | Lock: True
[11:01:04] Action: lock | Lock: True
[11:01:09] Action: lock | Lock: True
Ntozonke Cafe Client App
------------------------
Server: http://localhost:8089
PC ID: 1
PC Name: PC 1
Admin exit: Ctrl + Shift + Q

[22:01:51] ACTION CHANGED: LOCK
[22:01:51] Action: lock | Lock: True
[22:01:57] Action: lock | Lock: True
[22:02:02] Action: lock | Lock: True
[22:02:07] Action: lock | Lock: True
Ntozonke Cafe Client App
------------------------
Server: http://localhost:8089
PC ID: 1
PC Name: PC 1
Admin exit: Ctrl + Shift + Q

[10:54:05] ACTION CHANGED: LOCK
[10:54:05] Action: lock | Lock: True
[10:54:10] Action: lock | Lock: True
[10:54:15] Action: lock | Lock: True
[10:54:20] Action: lock | Lock: True
[10:54:26] Action: lock | Lock: True
[10:54:31] Action: lock | Lock: True
Ntozonke Cafe Client App
------------------------
Server: http://localhost:8089
PC ID: 1
PC Name: PC 1
Admin exit: Ctrl + Shift + Q

[11:16:27] ACTION CHANGED: LOCK
[11:16:28] Action: lock | Lock: True
[11:16:33] Action: lock | Lock: True
[11:16:38] Action: lock | Lock: True
[11:16:43] Action: lock | Lock: True
[11:16:48] Action: lock | Lock: True
[11:16:53] Action: lock | Lock: True
[11:16:58] Action: lock | Lock: True
[11:17:03] Action: lock | Lock: True
[11:17:08] Action: lock | Lock: True
[11:17:14] Action: lock | Lock: True
[11:17:19] Action: lock | Lock: True
[11:17:24] Action: lock | Lock: True
[11:17:29] Action: lock | Lock: True
[11:17:34] Action: lock | Lock: True
[11:17:39] Action: lock | Lock: True
[11:17:44] Action: lock | Lock: True
[11:17:49] Action: lock | Lock: True
[11:17:54] Action: lock | Lock: True
[11:17:59] Action: lock | Lock: True
[11:18:04] Action: lock | Lock: True
[11:18:09] Action: lock | Lock: True
[11:18:15] Action: lock | Lock: True
[11:18:20] Action: lock | Lock: True
[11:18:25] Action: lock | Lock: True
[11:18:30] Action: lock | Lock: True
[11:18:35] Action: lock | Lock: True
[11:18:41] Action: lock | Lock: True
[11:18:46] Action: lock | Lock: True
[11:18:51] Action: lock | Lock: True
[11:18:56] Action: lock | Lock: True
[11:19:01] Action: lock | Lock: True
[11:19:06] Action: lock | Lock: True
[11:19:11] Action: lock | Lock: True
[11:19:17] Action: lock | Lock: True
[11:19:22] Action: lock | Lock: True
[11:19:27] Action: lock | Lock: True
[11:19:32] Action: lock | Lock: True
[11:19:37] Action: lock | Lock: True
[11:19:42] Action: lock | Lock: True
[11:19:48] Action: lock | Lock: True
[11:19:53] Action: lock | Lock: True
[11:19:58] Action: lock | Lock: True
[11:20:03] Action: lock | Lock: True
[11:20:08] Action: lock | Lock: True
[11:20:13] Action: lock | Lock: True
[11:20:18] Action: lock | Lock: True
[11:20:23] Action: lock | Lock: True
[11:20:28] Action: lock | Lock: True
[11:20:33] Action: lock | Lock: True
[11:20:38] Action: lock | Lock: True
[11:20:44] Action: lock | Lock: True
[11:20:49] Action: lock | Lock: True
[11:20:54] Action: lock | Lock: True
[11:20:59] Action: lock | Lock: True
[11:21:04] Action: lock | Lock: True
[11:21:09] Action: lock | Lock: True
[11:21:14] Action: lock | Lock: True
[11:21:19] Action: lock | Lock: True
[11:21:24] Action: lock | Lock: True
[11:21:29] Action: lock | Lock: True
[11:21:34] Action: lock | Lock: True
[11:21:40] Action: lock | Lock: True
[11:21:45] Action: lock | Lock: True
[11:21:50] Action: lock | Lock: True
[11:21:55] Action: lock | Lock: True
[11:22:00] Action: lock | Lock: True
[11:22:05] Action: lock | Lock: True
[11:22:10] Action: lock | Lock: True
[11:22:15] Action: lock | Lock: True
[11:22:20] Action: lock | Lock: True
[11:22:25] Action: lock | Lock: True
[11:22:30] Action: lock | Lock: True
[11:22:36] Action: lock | Lock: True
[11:22:41] Action: lock | Lock: True
[11:22:46] Action: lock | Lock: True
[11:22:51] Action: lock | Lock: True
[11:27:43] Action: lock | Lock: True
[11:27:48] Action: lock | Lock: True
[11:27:53] Action: lock | Lock: True
[11:27:59] Action: lock | Lock: True
[11:28:04] Action: lock | Lock: True
[11:28:09] Action: lock | Lock: True
[11:28:14] Action: lock | Lock: True
[11:28:19] Action: lock | Lock: True
[11:28:24] Action: lock | Lock: True
[11:28:29] Action: lock | Lock: True
[11:28:34] Action: lock | Lock: True
[11:28:39] Action: lock | Lock: True
[11:28:44] Action: lock | Lock: True
[11:28:49] Action: lock | Lock: True
[11:28:55] Action: lock | Lock: True
[11:29:00] Action: lock | Lock: True
[11:29:05] Action: lock | Lock: True
[11:29:10] Action: lock | Lock: True
[11:29:15] Action: lock | Lock: True
[11:29:20] Action: lock | Lock: True
[11:29:25] Action: lock | Lock: True
[11:29:30] Action: lock | Lock: True
[11:29:35] Action: lock | Lock: True
[11:29:40] Action: lock | Lock: True
[11:29:45] Action: lock | Lock: True
[11:29:51] Action: lock | Lock: True
[11:29:56] Action: lock | Lock: True
[11:30:01] Action: lock | Lock: True
[11:30:06] Action: lock | Lock: True
[11:30:11] Action: lock | Lock: True
[11:30:16] Action: lock | Lock: True
[11:30:21] Action: lock | Lock: True
[11:30:26] Action: lock | Lock: True
[11:30:31] Action: lock | Lock: True
[11:30:36] Action: lock | Lock: True
[11:30:42] Action: lock | Lock: True
[11:30:47] Action: lock | Lock: True
[11:30:52] Action: lock | Lock: True
[11:30:57] Action: lock | Lock: True
[11:31:02] Action: lock | Lock: True
[11:31:07] Action: lock | Lock: True
[11:31:12] Action: lock | Lock: True
[11:31:17] Action: lock | Lock: True
[11:31:22] Action: lock | Lock: True
[11:31:27] Action: lock | Lock: True
[11:31:32] Action: lock | Lock: True
[11:31:38] Action: lock | Lock: True
[11:31:43] Action: lock | Lock: True
[11:31:48] Action: lock | Lock: True
[11:31:53] Action: lock | Lock: True
[11:31:58] Action: lock | Lock: True
[11:32:03] Action: lock | Lock: True
[11:32:08] Action: lock | Lock: True
[11:32:13] Action: lock | Lock: True
[11:32:18] Action: lock | Lock: True
[11:32:23] Action: lock | Lock: True
[11:32:28] Action: lock | Lock: True
[11:32:33] Action: lock | Lock: True
[11:32:39] Action: lock | Lock: True
[11:32:44] Action: lock | Lock: True
[11:32:49] Action: lock | Lock: True
[11:32:54] Action: lock | Lock: True
[11:52:27] Action: lock | Lock: True
[11:52:32] Action: lock | Lock: True
[11:52:38] Action: lock | Lock: True
[11:52:43] Action: lock | Lock: True
[11:52:48] Action: lock | Lock: True
[11:52:53] Action: lock | Lock: True
[11:52:58] Action: lock | Lock: True
[11:53:03] Action: lock | Lock: True
[11:53:08] Action: lock | Lock: True
[11:53:13] Action: lock | Lock: True
[11:53:18] Action: lock | Lock: True
[11:53:23] Action: lock | Lock: True
[11:53:28] Action: lock | Lock: True
[11:53:33] Action: lock | Lock: True
[11:53:39] Action: lock | Lock: True
[11:53:44] Action: lock | Lock: True
[11:53:49] Action: lock | Lock: True
[11:53:54] Action: lock | Lock: True
[11:53:59] Action: lock | Lock: True
[11:54:04] Action: lock | Lock: True
[11:54:09] Action: lock | Lock: True
[11:54:14] Action: lock | Lock: True
[11:54:19] Action: lock | Lock: True
[11:54:24] Action: lock | Lock: True
[11:54:30] Action: lock | Lock: True
[11:54:35] Action: lock | Lock: True
[11:54:40] Action: lock | Lock: True
[11:54:45] Action: lock | Lock: True
[11:54:50] Action: lock | Lock: True
[11:54:55] Action: lock | Lock: True
[11:55:00] Action: lock | Lock: True
[11:55:05] Action: lock | Lock: True
[11:55:10] Action: lock | Lock: True
[11:55:15] Action: lock | Lock: True
[11:55:20] Action: lock | Lock: True
[11:55:26] Action: lock | Lock: True
[11:55:31] Action: lock | Lock: True
[11:55:36] Action: lock | Lock: True
[11:55:41] Action: lock | Lock: True
[11:55:46] Action: lock | Lock: True
[11:55:51] Action: lock | Lock: True
[11:55:56] Action: lock | Lock: True
[11:56:01] Action: lock | Lock: True
[11:56:07] Action: lock | Lock: True
[11:56:12] Action: lock | Lock: True
[11:56:17] Action: lock | Lock: True
[11:56:22] Action: lock | Lock: True
[11:56:27] Action: lock | Lock: True
[11:56:33] Action: lock | Lock: True
[11:56:38] Action: lock | Lock: True
[11:56:43] Action: lock | Lock: True
[11:56:49] Action: lock | Lock: True
[11:56:54] Action: lock | Lock: True
[11:56:59] Action: lock | Lock: True
[11:57:04] Action: lock | Lock: True
[11:57:09] Action: lock | Lock: True
[11:57:14] Action: lock | Lock: True
[11:57:19] Action: lock | Lock: True
[11:57:24] Action: lock | Lock: True
[11:57:29] Action: lock | Lock: True
[11:57:34] Action: lock | Lock: True
[11:57:39] Action: lock | Lock: True
[11:57:45] Action: lock | Lock: True
[11:57:50] Action: lock | Lock: True
[11:57:55] Action: lock | Lock: True
[12:02:49] Action: lock | Lock: True
[12:02:54] Action: lock | Lock: True
[12:02:59] Action: lock | Lock: True
[12:03:05] Action: lock | Lock: True
[12:03:10] Action: lock | Lock: True
[12:03:15] Action: lock | Lock: True
[12:03:20] Action: lock | Lock: True
[12:03:25] Action: lock | Lock: True
[12:03:30] Action: lock | Lock: True
[12:03:35] Action: lock | Lock: True
[12:03:40] Action: lock | Lock: True
[12:03:45] Action: lock | Lock: True
Ntozonke Cafe Client App
------------------------
Server: http://localhost:8089
PC ID: 1
PC Name: PC 1
Admin exit: Ctrl + Shift + Q

[22:32:59] ACTION CHANGED: LOCK
[22:33:00] Action: lock | Lock: True
[22:33:05] Action: lock | Lock: True
[22:33:10] Action: lock | Lock: True
Ntozonke Cafe Client App
------------------------
Server: http://localhost:8089
PC ID: 1
PC Name: PC 1
Admin exit: Ctrl + Shift + Q

[13:05:04] ACTION CHANGED: LOCK
[13:05:04] Action: lock | Lock: True
[13:05:09] Action: lock | Lock: True
[13:05:15] Action: lock | Lock: True
Ntozonke Cafe Client App
------------------------
Server: http://localhost:8089
PC ID: 1
PC Name: PC 1
Admin exit: Ctrl + Shift + Q

[01:40:52] ACTION CHANGED: LOCK
[01:40:52] Action: lock | Lock: True
[01:40:57] Action: lock | Lock: True
[01:41:02] Action: lock | Lock: True
[01:41:07] Action: lock | Lock: True
[01:41:12] Action: lock | Lock: True
[01:41:17] Action: lock | Lock: True
[01:41:22] Action: lock | Lock: True
[01:41:27] Action: lock | Lock: True
[01:41:32] Action: lock | Lock: True
[01:41:37] Action: lock | Lock: True
[01:41:43] Action: lock | Lock: True
[01:41:48] Action: lock | Lock: True
[01:41:53] Action: lock | Lock: True
[01:41:58] Action: lock | Lock: True
[01:42:03] Action: lock | Lock: True
[01:42:08] Action: lock | Lock: True
[01:42:13] Action: lock | Lock: True
[01:42:18] Action: lock | Lock: True
[01:42:24] Action: lock | Lock: True
[01:42:29] Action: lock | Lock: True
[01:42:34] Action: lock | Lock: True
[01:42:39] Action: lock | Lock: True
[01:42:44] Action: lock | Lock: True
[01:42:49] Action: lock | Lock: True
[01:42:54] Action: lock | Lock: True
[01:42:59] Action: lock | Lock: True
[01:43:04] Action: lock | Lock: True
[01:43:09] Action: lock | Lock: True
[01:43:15] Action: lock | Lock: True
[01:43:20] Action: lock | Lock: True
[01:43:25] Action: lock | Lock: True
[01:43:30] Action: lock | Lock: True
[01:43:35] Action: lock | Lock: True
[01:43:40] Action: lock | Lock: True
[01:43:45] Action: lock | Lock: True
[01:43:50] Action: lock | Lock: True
[01:43:55] Action: lock | Lock: True
[01:44:00] Action: lock | Lock: True
[01:44:05] Action: lock | Lock: True
[01:44:10] Action: lock | Lock: True
[01:44:16] Action: lock | Lock: True
[01:44:21] Action: lock | Lock: True
[01:44:26] Action: lock | Lock: True
[01:44:31] Action: lock | Lock: True
[01:44:36] Action: lock | Lock: True
[01:44:41] Action: lock | Lock: True
[01:44:46] Action: lock | Lock: True
[01:44:51] Action: lock | Lock: True
[01:44:56] Action: lock | Lock: True
[01:45:01] Action: lock | Lock: True
[01:45:06] Action: lock | Lock: True
[01:45:11] Action: lock | Lock: True
[01:45:17] Action: lock | Lock: True
[01:45:23] Action: lock | Lock: True
[01:45:28] Action: lock | Lock: True
[01:45:33] Action: lock | Lock: True
[01:45:38] Action: lock | Lock: True
[01:45:43] Action: lock | Lock: True
[01:45:48] Action: lock | Lock: True
[01:45:54] Action: lock | Lock: True
[01:45:59] Action: lock | Lock: True
[01:46:04] Action: lock | Lock: True
[01:46:09] Action: lock | Lock: True
[01:46:14] Action: lock | Lock: True
[01:46:19] Action: lock | Lock: True
[01:46:24] Action: lock | Lock: True
[01:46:29] Action: lock | Lock: True
Ntozonke Cafe Client App
------------------------
Server: http://localhost:8089
PC ID: 1
PC Name: PC 1
Admin exit: Ctrl + Shift + Q

[11:01:54] ACTION CHANGED: LOCK
[11:01:54] Action: lock | Lock: True
[11:02:00] Action: lock | Lock: True
[11:02:05] Action: lock | Lock: True
[11:02:10] Action: lock | Lock: True
[11:02:15] Action: lock | Lock: True
[11:02:21] Action: lock | Lock: True
